Flutter crash report.
Please report a bug at https://github.com/flutter/flutter/issues.

## command

flutter assemble --no-version-check --output=build -dTargetPlatform=windows-x64 -dTrackWidgetCreation=true -dBuildMode=debug -dTargetFile=C:\Users\Ayman\Git Hub\place-pro\flutter_application_1\lib\main.dart -dTreeShakeIcons="false" -dDartObfuscation=false --DartDefines=RkxVVFRFUl9WRVJTSU9OPTMuMzIuOA==,RkxVVFRFUl9DSEFOTkVMPXN0YWJsZQ==,RkxVVFRFUl9HSVRfVVJMPWh0dHBzOi8vZ2l0aHViLmNvbS9mbHV0dGVyL2ZsdXR0ZXIuZ2l0,RkxVVFRFUl9GUkFNRVdPUktfUkVWSVNJT049ZWRhZGE3YzU2ZQ==,RkxVVFRFUl9FTkdJTkVfUkVWSVNJT049ZWYwY2QwMDA5MQ==,RkxVVFRFUl9EQVJUX1ZFUlNJT049My44LjE= debug_bundle_windows-x64_assets

## exception

PathAccessException: PathAccessException: Cannot delete file, path = 'C:\Users\Ayman\Git Hub\place-pro\flutter_application_1\windows\flutter\ephemeral\flutter_windows.dll.lib' (OS Error: The process cannot access the file because it is being used by another process.
, errno = 32)

```
#0      _File.throwIfError (dart:io/file_impl.dart:782:7)
#1      _File._deleteSync (dart:io/file_impl.dart:367:5)
#2      FileSystemEntity.deleteSync (dart:io/file_system_entity.dart:425:7)
#3      ForwardingFileSystemEntity.deleteSync (package:file/src/forwarding/forwarding_file_system_entity.dart:70:16)
#4      ForwardingFileSystemEntity.deleteSync (package:file/src/forwarding/forwarding_file_system_entity.dart:70:16)
#5      ErrorHandlingFileSystem.deleteIfExists (package:flutter_tools/src/base/error_handling_io.dart:90:14)
#6      FlutterBuildSystem.trackSharedBuildDirectory (package:flutter_tools/src/build_system/build_system.dart:777:33)
#7      FlutterBuildSystem.build (package:flutter_tools/src/build_system/build_system.dart:658:5)
<asynchronous suspension>
#8      AssembleCommand.runCommand (package:flutter_tools/src/commands/assemble.dart:346:32)
<asynchronous suspension>
#9      FlutterCommand.run.<anonymous closure> (package:flutter_tools/src/runner/flutter_command.dart:1563:27)
<asynchronous suspension>
#10     AppContext.run.<anonymous closure> (package:flutter_tools/src/base/context.dart:154:19)
<asynchronous suspension>
#11     CommandRunner.runCommand (package:args/command_runner.dart:212:13)
<asynchronous suspension>
#12     FlutterCommandRunner.runCommand.<anonymous closure> (package:flutter_tools/src/runner/flutter_command_runner.dart:494:9)
<asynchronous suspension>
#13     AppContext.run.<anonymous closure> (package:flutter_tools/src/base/context.dart:154:19)
<asynchronous suspension>
#14     FlutterCommandRunner.runCommand (package:flutter_tools/src/runner/flutter_command_runner.dart:431:5)
<asynchronous suspension>
#15     run.<anonymous closure>.<anonymous closure> (package:flutter_tools/runner.dart:98:11)
<asynchronous suspension>
#16     AppContext.run.<anonymous closure> (package:flutter_tools/src/base/context.dart:154:19)
<asynchronous suspension>
#17     main (package:flutter_tools/executable.dart:102:3)
<asynchronous suspension>
```

## flutter doctor

```
[✓] Flutter (Channel stable, 3.32.8, on Microsoft Windows [Version 10.0.26100.4652], locale en-IN) [1,129ms]
    • Flutter version 3.32.8 on channel stable at C:\flutter
    • Upstream repository https://github.com/flutter/flutter.git
    • Framework revision edada7c56e (2 weeks ago), 2025-07-25 14:08:03 +0000
    • Engine revision ef0cd00091
    • Dart version 3.8.1
    • DevTools version 2.45.1

[✓] Windows Version (Windows 11 or higher, 24H2, 2009) [3.9s]

[✓] Android toolchain - develop for Android devices (Android SDK version 36.0.0) [5.2s]
    • Android SDK at C:\Users\karth\AppData\Local\Android\sdk
    • Platform android-36, build-tools 36.0.0
    • Java binary at: C:\Program Files\Android\Android Studio\jbr\bin\java
      This is the JDK bundled with the latest Android Studio installation on this machine.
      To manually set the JDK path, use: `flutter config --jdk-dir="path/to/jdk"`.
    • Java version OpenJDK Runtime Environment (build 21.0.6+-13391695-b895.109)
    • All Android licenses accepted.

[✓] Chrome - develop for the web [362ms]
    • Chrome at C:\Program Files\Google\Chrome\Application\chrome.exe

[✓] Visual Studio - develop Windows apps (Visual Studio Community 2022 17.14.11) [357ms]
    • Visual Studio at C:\Program Files\Microsoft Visual Studio\2022\Community
    • Visual Studio Community 2022 version 17.14.36401.2
    • Windows 10 SDK version 10.0.26100.0

[✓] Android Studio (version 2025.1.2) [70ms]
    • Android Studio at C:\Program Files\Android\Android Studio
    • Flutter plugin can be installed from:
      🔨 https://plugins.jetbrains.com/plugin/9212-flutter
    • Dart plugin can be installed from:
      🔨 https://plugins.jetbrains.com/plugin/6351-dart
    • Java version OpenJDK Runtime Environment (build 21.0.6+-13391695-b895.109)

[✓] VS Code (version 1.103.0) [65ms]
    • VS Code at C:\Users\karth\AppData\Local\Programs\Microsoft VS Code
    • Flutter extension version 3.117.20250731

[✓] Connected device (3 available) [542ms]
    • Windows (desktop) • windows • windows-x64    • Microsoft Windows [Version 10.0.26100.4652]
    • Chrome (web)      • chrome  • web-javascript • Google Chrome 138.0.7204.184
    • Edge (web)        • edge    • web-javascript • Microsoft Edge 139.0.3405.86

[✓] Network resources [617ms]
    • All expected network resources are available.

• No issues found!
```
